测试日志记录0测试日志记录1测试日志记录2测试日志记录3测试日志记录4测试日志记录5测试日志记录6测试日志记录7测试日志记录8测试日志记录9测试日志记录10测试日志记录11测试日志记录12测试日志记录13测试日志记录14测试日志记录15测试日志记录16测试日志记录17测试日志记录18测试日志记录19测试日志记录20测试日志记录21测试日志记录22测试日志记录23测试日志记录24测试日志记录25测试日志记录26测试日志记录27测试日志记录28测试日志记录29测试日志记录30测试日志记录31测试日志记录32测试日志记录33测试日志记录34测试日志记录35测试日志记录36测试日志记录37测试日志记录38测试日志记录39测试日志记录40测试日志记录41测试日志记录42测试日志记录43测试日志记录44测试日志记录45测试日志记录46测试日志记录47测试日志记录48测试日志记录49测试日志记录50测试日志记录51测试日志记录52测试日志记录53测试日志记录54测试日志记录55测试日志记录56测试日志记录57测试日志记录58测试日志记录59测试日志记录60测试日志记录61测试日志记录62测试日志记录63测试日志记录64测试日志记录65测试日志记录66测试日志记录67测试日志记录68测试日志记录69测试日志记录70测试日志记录71测试日志记录72测试日志记录73测试日志记录74测试日志记录75测试日志记录76测试日志记录77测试日志记录78测试日志记录79测试日志记录80测试日志记录81测试日志记录82测试日志记录83测试日志记录84测试日志记录85测试日志记录86测试日志记录87测试日志记录88测试日志记录89测试日志记录90测试日志记录91测试日志记录92测试日志记录93测试日志记录94测试日志记录95测试日志记录96测试日志记录97测试日志记录98测试日志记录99测试日志记录100测试日志记录101测试日志记录102测试日志记录103测试日志记录104测试日志记录105测试日志记录106测试日志记录107测试日志记录108测试日志记录109测试日志记录110测试日志记录111测试日志记录112测试日志记录113测试日志记录114测试日志记录115测试日志记录116测试日志记录117测试日志记录118测试日志记录119测试日志记录120测试日志记录121测试日志记录122测试日志记录123测试日志记录124测试日志记录125测试日志记录126测试日志记录127测试日志记录128测试日志记录129测试日志记录130测试日志记录131测试日志记录132测试日志记录133测试日志记录134测试日志记录135测试日志记录136测试日志记录137测试日志记录138测试日志记录139测试日志记录140测试日志记录141测试日志记录142测试日志记录143测试日志记录144测试日志记录145测试日志记录146测试日志记录147测试日志记录148测试日志记录149测试日志记录150测试日志记录151测试日志记录152测试日志记录153测试日志记录154测试日志记录155测试日志记录156测试日志记录157测试日志记录158测试日志记录159测试日志记录160测试日志记录161测试日志记录162测试日志记录163测试日志记录164测试日志记录165测试日志记录166测试日志记录167测试日志记录168测试日志记录169测试日志记录170测试日志记录171测试日志记录172测试日志记录173测试日志记录174测试日志记录175测试日志记录176测试日志记录177测试日志记录178测试日志记录179测试日志记录180测试日志记录181测试日志记录182测试日志记录183测试日志记录184测试日志记录185测试日志记录186测试日志记录187测试日志记录188测试日志记录189测试日志记录190测试日志记录191测试日志记录192测试日志记录193测试日志记录194测试日志记录195测试日志记录196测试日志记录197测试日志记录198测试日志记录199测试日志记录200测试日志记录201测试日志记录202测试日志记录203测试日志记录204测试日志记录205测试日志记录206测试日志记录207测试日志记录208测试日志记录209测试日志记录210测试日志记录211测试日志记录212测试日志记录213测试日志记录214测试日志记录215测试日志记录216测试日志记录217测试日志记录218测试日志记录219测试日志记录220测试日志记录221测试日志记录222测试日志记录223测试日志记录224测试日志记录225测试日志记录226测试日志记录227测试日志记录228测试日志记录229测试日志记录230测试日志记录231测试日志记录232测试日志记录233测试日志记录234测试日志记录235测试日志记录236测试日志记录237测试日志记录238测试日志记录239测试日志记录240测试日志记录241测试日志记录242测试日志记录243测试日志记录244测试日志记录245测试日志记录246测试日志记录247测试日志记录248测试日志记录249测试日志记录250测试日志记录251测试日志记录252测试日志记录253测试日志记录254测试日志记录255测试日志记录256测试日志记录257测试日志记录258测试日志记录259测试日志记录260测试日志记录261测试日志记录262测试日志记录263测试日志记录264测试日志记录265测试日志记录266测试日志记录267测试日志记录268测试日志记录269测试日志记录270测试日志记录271测试日志记录272测试日志记录273测试日志记录274测试日志记录275测试日志记录276测试日志记录277测试日志记录278测试日志记录279测试日志记录280测试日志记录281测试日志记录282测试日志记录283测试日志记录284测试日志记录285测试日志记录286测试日志记录287测试日志记录288测试日志记录289测试日志记录290测试日志记录291测试日志记录292测试日志记录293测试日志记录294测试日志记录295测试日志记录296测试日志记录297测试日志记录298测试日志记录299测试日志记录300测试日志记录301测试日志记录302测试日志记录303测试日志记录304测试日志记录305测试日志记录306测试日志记录307测试日志记录308测试日志记录309测试日志记录310测试日志记录311测试日志记录312测试日志记录313测试日志记录314测试日志记录315测试日志记录316测试日志记录317测试日志记录318测试日志记录319测试日志记录320测试日志记录321测试日志记录322测试日志记录323测试日志记录324测试日志记录325测试日志记录326测试日志记录327测试日志记录328测试日志记录329测试日志记录330测试日志记录331测试日志记录332测试日志记录333测试日志记录334测试日志记录335测试日志记录336测试日志记录337测试日志记录338测试日志记录339测试日志记录340测试日志记录341测试日志记录342测试日志记录343测试日志记录344测试日志记录345测试日志记录346测试日志记录347测试日志记录348测试日志记录349测试日志记录350测试日志记录351测试日志记录352测试日志记录353测试日志记录354测试日志记录355测试日志记录356测试日志记录357测试日志记录358测试日志记录359测试日志记录360测试日志记录361测试日志记录362测试日志记录363测试日志记录364测试日志记录365测试日志记录366测试日志记录367测试日志记录368测试日志记录369测试日志记录370测试日志记录371测试日志记录372测试日志记录373测试日志记录374测试日志记录375测试日志记录376测试日志记录377测试日志记录378测试日志记录379测试日志记录380测试日志记录381测试日志记录382测试日志记录383测试日志记录384测试日志记录385测试日志记录386测试日志记录387测试日志记录388测试日志记录389测试日志记录390测试日志记录391测试日志记录392测试日志记录393测试日志记录394测试日志记录395测试日志记录396测试日志记录397测试日志记录398测试日志记录399测试日志记录400测试日志记录401测试日志记录402测试日志记录403测试日志记录404测试日志记录405测试日志记录406测试日志记录407测试日志记录408测试日志记录409测试日志记录410测试日志记录411测试日志记录412测试日志记录413测试日志记录414测试日志记录415测试日志记录416测试日志记录417测试日志记录418测试日志记录419测试日志记录420测试日志记录421测试日志记录422测试日志记录423测试日志记录424测试日志记录425测试日志记录426测试日志记录427测试日志记录428测试日志记录429测试日志记录430测试日志记录431测试日志记录432测试日志记录433测试日志记录434测试日志记录435测试日志记录436测试日志记录437测试日志记录438测试日志记录439测试日志记录440测试日志记录441测试日志记录442测试日志记录443测试日志记录444测试日志记录445测试日志记录446测试日志记录447测试日志记录448测试日志记录449测试日志记录450测试日志记录451测试日志记录452测试日志记录453测试日志记录454测试日志记录455测试日志记录456测试日志记录457测试日志记录458测试日志记录459测试日志记录460测试日志记录461测试日志记录462测试日志记录463测试日志记录464测试日志记录465测试日志记录466测试日志记录467测试日志记录468测试日志记录469测试日志记录470测试日志记录471测试日志记录472测试日志记录473测试日志记录474测试日志记录475测试日志记录476测试日志记录477测试日志记录478测试日志记录479测试日志记录480测试日志记录481测试日志记录482测试日志记录483测试日志记录484测试日志记录485测试日志记录486测试日志记录487测试日志记录488测试日志记录489测试日志记录490测试日志记录491测试日志记录492测试日志记录493测试日志记录494测试日志记录495测试日志记录496测试日志记录497测试日志记录498测试日志记录499测试日志记录500测试日志记录501测试日志记录502测试日志记录503测试日志记录504测试日志记录505测试日志记录506测试日志记录507测试日志记录508测试日志记录509测试日志记录510测试日志记录511测试日志记录512测试日志记录513测试日志记录514测试日志记录515测试日志记录516测试日志记录517测试日志记录518测试日志记录519测试日志记录520测试日志记录521测试日志记录522测试日志记录523测试日志记录524测试日志记录525测试日志记录526测试日志记录527测试日志记录528测试日志记录529测试日志记录530测试日志记录531测试日志记录532测试日志记录533测试日志记录534测试日志记录535测试日志记录536测试日志记录537测试日志记录538测试日志记录539测试日志记录540测试日志记录541测试日志记录542测试日志记录543测试日志记录544测试日志记录545测试日志记录546测试日志记录547测试日志记录548测试日志记录549测试日志记录550测试日志记录551测试日志记录552测试日志记录553测试日志记录554测试日志记录555测试日志记录556测试日志记录557测试日志记录558测试日志记录559测试日志记录560测试日志记录561测试日志记录562测试日志记录563测试日志记录564测试日志记录565测试日志记录566测试日志记录567测试日志记录568测试日志记录569测试日志记录570测试日志记录571测试日志记录572测试日志记录573测试日志记录574测试日志记录575测试日志记录576测试日志记录577测试日志记录578测试日志记录579测试日志记录580测试日志记录581测试日志记录582测试日志记录583测试日志记录584测试日志记录585测试日志记录586测试日志记录587测试日志记录588测试日志记录589测试日志记录590测试日志记录591测试日志记录592测试日志记录593测试日志记录594测试日志记录595测试日志记录596测试日志记录597测试日志记录598测试日志记录599测试日志记录600测试日志记录601测试日志记录602测试日志记录603测试日志记录604测试日志记录605测试日志记录606测试日志记录607测试日志记录608测试日志记录609测试日志记录610测试日志记录611测试日志记录612测试日志记录613测试日志记录614测试日志记录615测试日志记录616测试日志记录617测试日志记录618测试日志记录619测试日志记录620测试日志记录621测试日志记录622测试日志记录623测试日志记录624测试日志记录625测试日志记录626测试日志记录627测试日志记录628测试日志记录629测试日志记录630测试日志记录631测试日志记录632测试日志记录633测试日志记录634测试日志记录635测试日志记录636测试日志记录637测试日志记录638测试日志记录639测试日志记录640测试日志记录641测试日志记录642测试日志记录643测试日志记录644测试日志记录645测试日志记录646测试日志记录647测试日志记录648测试日志记录649测试日志记录650测试日志记录651测试日志记录652测试日志记录653测试日志记录654测试日志记录655测试日志记录656测试日志记录657测试日志记录658测试日志记录659测试日志记录660测试日志记录661测试日志记录662测试日志记录663测试日志记录664测试日志记录665测试日志记录666测试日志记录667测试日志记录668测试日志记录669测试日志记录670测试日志记录671测试日志记录672测试日志记录673测试日志记录674测试日志记录675测试日志记录676测试日志记录677测试日志记录678测试日志记录679测试日志记录680测试日志记录681测试日志记录682测试日志记录683测试日志记录684测试日志记录685测试日志记录686测试日志记录687测试日志记录688测试日志记录689测试日志记录690测试日志记录691测试日志记录692测试日志记录693测试日志记录694测试日志记录695测试日志记录696测试日志记录697测试日志记录698测试日志记录699测试日志记录700测试日志记录701测试日志记录702测试日志记录703测试日志记录704测试日志记录705测试日志记录706测试日志记录707测试日志记录708测试日志记录709测试日志记录710测试日志记录711测试日志记录712测试日志记录713测试日志记录714测试日志记录715测试日志记录716测试日志记录717测试日志记录718测试日志记录719测试日志记录720测试日志记录721测试日志记录722测试日志记录723测试日志记录724测试日志记录725测试日志记录726测试日志记录727测试日志记录728测试日志记录729测试日志记录730测试日志记录731测试日志记录732测试日志记录733测试日志记录734测试日志记录735测试日志记录736测试日志记录737测试日志记录738测试日志记录739测试日志记录740测试日志记录741测试日志记录742测试日志记录743测试日志记录744测试日志记录745测试日志记录746测试日志记录747测试日志记录748测试日志记录749测试日志记录750测试日志记录751测试日志记录752测试日志记录753测试日志记录754测试日志记录755测试日志记录756测试日志记录757测试日志记录758测试日志记录759测试日志记录760测试日志记录761测试日志记录762测试日志记录763测试日志记录764测试日志记录765测试日志记录766测试日志记录767测试日志记录768测试日志记录769测试日志记录770测试日志记录771测试日志记录772测试日志记录773测试日志记录774测试日志记录775测试日志记录776测试日志记录777测试日志记录778测试日志记录779测试日志记录780测试日志记录781测试日志记录782测试日志记录783测试日志记录784测试日志记录785测试日志记录786测试日志记录787测试日志记录788测试日志记录789测试日志记录790测试日志记录791测试日志记录792测试日志记录793测试日志记录794测试日志记录795测试日志记录796测试日志记录797测试日志记录798测试日志记录799测试日志记录800测试日志记录801测试日志记录802测试日志记录803测试日志记录804测试日志记录805测试日志记录806测试日志记录807测试日志记录808测试日志记录809测试日志记录810测试日志记录811测试日志记录812测试日志记录813测试日志记录814测试日志记录815测试日志记录816测试日志记录817测试日志记录818测试日志记录819测试日志记录820测试日志记录821测试日志记录822测试日志记录823测试日志记录824测试日志记录825测试日志记录826测试日志记录827测试日志记录828测试日志记录829测试日志记录830测试日志记录831测试日志记录832测试日志记录833测试日志记录834测试日志记录835测试日志记录836测试日志记录837测试日志记录838测试日志记录839测试日志记录840测试日志记录841测试日志记录842测试日志记录843测试日志记录844测试日志记录845测试日志记录846测试日志记录847测试日志记录848测试日志记录849测试日志记录850测试日志记录851测试日志记录852测试日志记录853测试日志记录854测试日志记录855测试日志记录856测试日志记录857测试日志记录858测试日志记录859测试日志记录860测试日志记录861测试日志记录862测试日志记录863测试日志记录864测试日志记录865测试日志记录866测试日志记录867测试日志记录868测试日志记录869测试日志记录870测试日志记录871测试日志记录872测试日志记录873测试日志记录874测试日志记录875测试日志记录876测试日志记录877测试日志记录878测试日志记录879测试日志记录880测试日志记录881测试日志记录882测试日志记录883测试日志记录884测试日志记录885测试日志记录886测试日志记录887测试日志记录888测试日志记录889测试日志记录890测试日志记录891测试日志记录892测试日志记录893测试日志记录894测试日志记录895测试日志记录896测试日志记录897测试日志记录898测试日志记录899测试日志记录900测试日志记录901测试日志记录902测试日志记录903测试日志记录904测试日志记录905测试日志记录906测试日志记录907测试日志记录908测试日志记录909测试日志记录910测试日志记录911测试日志记录912测试日志记录913测试日志记录914测试日志记录915测试日志记录916测试日志记录917测试日志记录918测试日志记录919测试日志记录920测试日志记录921测试日志记录922测试日志记录923测试日志记录924测试日志记录925测试日志记录926测试日志记录927测试日志记录928测试日志记录929测试日志记录930测试日志记录931测试日志记录932测试日志记录933测试日志记录934测试日志记录935测试日志记录936测试日志记录937测试日志记录938测试日志记录939测试日志记录940测试日志记录941测试日志记录942测试日志记录943测试日志记录944测试日志记录945测试日志记录946测试日志记录947测试日志记录948测试日志记录949测试日志记录950测试日志记录951测试日志记录952测试日志记录953测试日志记录954测试日志记录955测试日志记录956测试日志记录957测试日志记录958测试日志记录959测试日志记录960测试日志记录961测试日志记录962测试日志记录963测试日志记录964测试日志记录965测试日志记录966测试日志记录967测试日志记录968测试日志记录969测试日志记录970测试日志记录971测试日志记录972测试日志记录973测试日志记录974测试日志记录975测试日志记录976测试日志记录977测试日志记录978测试日志记录979测试日志记录980测试日志记录981测试日志记录982测试日志记录983测试日志记录984测试日志记录985测试日志记录986测试日志记录987测试日志记录988测试日志记录989测试日志记录990测试日志记录991测试日志记录992测试日志记录993测试日志记录994测试日志记录995测试日志记录996测试日志记录997测试日志记录998测试日志记录999